// Jest Snapshot v1, https://goo.gl/fbAQLP

exports[`component handles simple translations 1`] = `<span>Inner data</span>`;
