// Jest Snapshot v1, https://goo.gl/fbAQLP

exports[`vue integration translates messages 1`] = `
<div>
  
  Hello, John!

</div>
`;
